
Discarded input sections

 .text          0x0000000000000000        0x0 obj/main.o
 .data          0x0000000000000000        0x0 obj/main.o
 .bss           0x0000000000000000        0x0 obj/main.o
 .ARM.attributes
                0x0000000000000000       0x2e obj/main.o
 .text          0x0000000000000000        0x0 obj/startup.o
 .data          0x0000000000000000        0x0 obj/startup.o
 .bss           0x0000000000000000        0x0 obj/startup.o
 .ARM.attributes
                0x0000000000000000       0x21 obj/startup.o

Memory Configuration

Name             Origin             Length             Attributes
FLASH            0x0000000008000000 0x0000000000020000 xr
DTCMRAM          0x0000000020000000 0x0000000000020000 xrw
AXIRAM           0x0000000024000000 0x0000000000080000 xrw
SRAM1            0x0000000030000000 0x0000000000020000 xrw
SRAM2            0x0000000030020000 0x0000000000020000 xrw
SRAM4            0x0000000038000000 0x0000000000010000 xrw
ITCMRAM          0x0000000000000000 0x0000000000010000 xrw
*default*        0x0000000000000000 0xffffffffffffffff

Linker script and memory map

LOAD obj/main.o
LOAD obj/startup.o
                0x0000000000002000                _stack_size = 0x2000
                0x0000000000002000                _heap_size = 0x2000

.isr_vector     0x0000000008000000      0x298
                0x0000000008000000                . = ALIGN (0x4)
 *(.isr_vector)
 .isr_vector    0x0000000008000000      0x298 obj/startup.o
                0x0000000008000000                g_vectors
                0x0000000008000298                . = ALIGN (0x4)

.text           0x0000000008000298       0xbc
                0x0000000008000298                . = ALIGN (0x4)
 *(.text)
 *(.text*)
 .text.SysTick_Handler
                0x0000000008000298       0x10 obj/main.o
                0x0000000008000298                SysTick_Handler
 .text.startup.main
                0x00000000080002a8       0x60 obj/main.o
                0x00000000080002a8                main
 .text.Reset_Handler
                0x0000000008000308       0x48 obj/startup.o
                0x0000000008000308                Reset_Handler
 .text.Default_Handler
                0x0000000008000350        0x4 obj/startup.o
                0x0000000008000350                DMA1_Stream3_IRQHandler
                0x0000000008000350                EXTI2_IRQHandler
                0x0000000008000350                TIM8_CC_IRQHandler
                0x0000000008000350                HRTIM1_Master_IRQHandler
                0x0000000008000350                DebugMon_Handler
                0x0000000008000350                UART8_IRQHandler
                0x0000000008000350                SPI4_IRQHandler
                0x0000000008000350                TIM1_CC_IRQHandler
                0x0000000008000350                BDMA_Channel6_IRQHandler
                0x0000000008000350                DMA2_Stream5_IRQHandler
                0x0000000008000350                HardFault_Handler
                0x0000000008000350                HRTIM1_FLT_IRQHandler
                0x0000000008000350                JPEG_IRQHandler
                0x0000000008000350                DMA1_Stream5_IRQHandler
                0x0000000008000350                BDMA_Channel1_IRQHandler
                0x0000000008000350                HRTIM1_TIMD_IRQHandler
                0x0000000008000350                TAMP_STAMP_IRQHandler
                0x0000000008000350                PendSV_Handler
                0x0000000008000350                NMI_Handler
                0x0000000008000350                EXTI3_IRQHandler
                0x0000000008000350                LPTIM4_IRQHandler
                0x0000000008000350                TIM8_TRG_COM_TIM14_IRQHandler
                0x0000000008000350                LPTIM2_IRQHandler
                0x0000000008000350                DFSDM1_FLT1_IRQHandler
                0x0000000008000350                DMAMUX2_OVR_IRQHandler
                0x0000000008000350                TIM8_UP_TIM13_IRQHandler
                0x0000000008000350                I2C3_ER_IRQHandler
                0x0000000008000350                DFSDM1_FLT2_IRQHandler
                0x0000000008000350                MDMA_IRQHandler
                0x0000000008000350                LPTIM3_IRQHandler
                0x0000000008000350                HSEM1_IRQHandler
                0x0000000008000350                EXTI0_IRQHandler
                0x0000000008000350                I2C2_EV_IRQHandler
                0x0000000008000350                DMA1_Stream2_IRQHandler
                0x0000000008000350                FPU_IRQHandler
                0x0000000008000350                OTG_HS_WKUP_IRQHandler
                0x0000000008000350                FDCAN1_IT1_IRQHandler
                0x0000000008000350                UsageFault_Handler
                0x0000000008000350                LTDC_ER_IRQHandler
                0x0000000008000350                DMA2_Stream2_IRQHandler
                0x0000000008000350                HRTIM1_TIME_IRQHandler
                0x0000000008000350                SPI1_IRQHandler
                0x0000000008000350                TIM6_DAC_IRQHandler
                0x0000000008000350                DCMI_IRQHandler
                0x0000000008000350                HRTIM1_TIMC_IRQHandler
                0x0000000008000350                DMA2_Stream3_IRQHandler
                0x0000000008000350                SAI2_IRQHandler
                0x0000000008000350                DFSDM1_FLT3_IRQHandler
                0x0000000008000350                USART6_IRQHandler
                0x0000000008000350                TIM17_IRQHandler
                0x0000000008000350                USART3_IRQHandler
                0x0000000008000350                BDMA_Channel7_IRQHandler
                0x0000000008000350                LPTIM5_IRQHandler
                0x0000000008000350                UART5_IRQHandler
                0x0000000008000350                ADC3_IRQHandler
                0x0000000008000350                DMA2_Stream0_IRQHandler
                0x0000000008000350                TIM4_IRQHandler
                0x0000000008000350                BDMA_Channel2_IRQHandler
                0x0000000008000350                QUADSPI_IRQHandler
                0x0000000008000350                I2C1_EV_IRQHandler
                0x0000000008000350                DMA1_Stream6_IRQHandler
                0x0000000008000350                DMAMUX1_OVR_IRQHandler
                0x0000000008000350                DMA1_Stream1_IRQHandler
                0x0000000008000350                TIM16_IRQHandler
                0x0000000008000350                UART4_IRQHandler
                0x0000000008000350                BDMA_Channel5_IRQHandler
                0x0000000008000350                TIM3_IRQHandler
                0x0000000008000350                RCC_IRQHandler
                0x0000000008000350                TIM8_BRK_TIM12_IRQHandler
                0x0000000008000350                TIM1_TRG_COM_IRQHandler
                0x0000000008000350                Default_Handler
                0x0000000008000350                ECC_IRQHandler
                0x0000000008000350                CEC_IRQHandler
                0x0000000008000350                EXTI15_10_IRQHandler
                0x0000000008000350                BDMA_Channel0_IRQHandler
                0x0000000008000350                ADC_IRQHandler
                0x0000000008000350                DMA1_Stream7_IRQHandler
                0x0000000008000350                HRTIM1_TIMA_IRQHandler
                0x0000000008000350                SPI5_IRQHandler
                0x0000000008000350                TIM7_IRQHandler
                0x0000000008000350                SDMMC1_IRQHandler
                0x0000000008000350                TIM5_IRQHandler
                0x0000000008000350                DMA2_Stream7_IRQHandler
                0x0000000008000350                TIM15_IRQHandler
                0x0000000008000350                PVD_AVD_IRQHandler
                0x0000000008000350                I2C3_EV_IRQHandler
                0x0000000008000350                EXTI9_5_IRQHandler
                0x0000000008000350                RTC_WKUP_IRQHandler
                0x0000000008000350                LTDC_IRQHandler
                0x0000000008000350                SAI3_IRQHandler
                0x0000000008000350                ETH_WKUP_IRQHandler
                0x0000000008000350                SPDIF_RX_IRQHandler
                0x0000000008000350                SPI2_IRQHandler
                0x0000000008000350                OTG_HS_EP1_IN_IRQHandler
                0x0000000008000350                MemManage_Handler
                0x0000000008000350                DMA1_Stream0_IRQHandler
                0x0000000008000350                SVC_Handler
                0x0000000008000350                CRS_IRQHandler
                0x0000000008000350                EXTI4_IRQHandler
                0x0000000008000350                RNG_IRQHandler
                0x0000000008000350                HRTIM1_TIMB_IRQHandler
                0x0000000008000350                FDCAN2_IT1_IRQHandler
                0x0000000008000350                ETH_IRQHandler
                0x0000000008000350                TIM1_UP_IRQHandler
                0x0000000008000350                BDMA_Channel4_IRQHandler
                0x0000000008000350                OTG_HS_EP1_OUT_IRQHandler
                0x0000000008000350                WWDG_IRQHandler
                0x0000000008000350                SPI6_IRQHandler
                0x0000000008000350                MDIOS_IRQHandler
                0x0000000008000350                I2C4_EV_IRQHandler
                0x0000000008000350                FDCAN2_IT0_IRQHandler
                0x0000000008000350                LPUART1_IRQHandler
                0x0000000008000350                FDCAN1_IT0_IRQHandler
                0x0000000008000350                TIM2_IRQHandler
                0x0000000008000350                OTG_FS_WKUP_IRQHandler
                0x0000000008000350                OTG_HS_IRQHandler
                0x0000000008000350                DMA2D_IRQHandler
                0x0000000008000350                TIM1_BRK_IRQHandler
                0x0000000008000350                EXTI1_IRQHandler
                0x0000000008000350                SDMMC2_IRQHandler
                0x0000000008000350                OTG_FS_EP1_OUT_IRQHandler
                0x0000000008000350                BDMA_Channel3_IRQHandler
                0x0000000008000350                UART7_IRQHandler
                0x0000000008000350                MDIOS_WKUP_IRQHandler
                0x0000000008000350                USART2_IRQHandler
                0x0000000008000350                DFSDM1_FLT0_IRQHandler
                0x0000000008000350                SAI4_IRQHandler
                0x0000000008000350                I2C2_ER_IRQHandler
                0x0000000008000350                DMA2_Stream1_IRQHandler
                0x0000000008000350                FLASH_IRQHandler
                0x0000000008000350                DMA2_Stream4_IRQHandler
                0x0000000008000350                BusFault_Handler
                0x0000000008000350                USART1_IRQHandler
                0x0000000008000350                OTG_FS_IRQHandler
                0x0000000008000350                SPI3_IRQHandler
                0x0000000008000350                WAKEUP_PIN_IRQHandler
                0x0000000008000350                DMA1_Stream4_IRQHandler
                0x0000000008000350                OTG_FS_EP1_IN_IRQHandler
                0x0000000008000350                I2C1_ER_IRQHandler
                0x0000000008000350                FMC_IRQHandler
                0x0000000008000350                FDCAN_CAL_IRQHandler
                0x0000000008000350                SWPMI1_IRQHandler
                0x0000000008000350                COMP1_IRQHandler
                0x0000000008000350                LPTIM1_IRQHandler
                0x0000000008000350                I2C4_ER_IRQHandler
                0x0000000008000350                DMA2_Stream6_IRQHandler
                0x0000000008000350                SAI1_IRQHandler
                0x0000000008000350                RTC_Alarm_IRQHandler
 *(.rodata)
 *(.rodata*)
 *(.glue_7)
 .glue_7        0x0000000008000354        0x0 linker stubs
 *(.glue_7t)
 .glue_7t       0x0000000008000354        0x0 linker stubs
 *(.init)
 *(.fini)
                0x0000000008000354                . = ALIGN (0x4)
                0x0000000008000354                _etext = .

.vfp11_veneer   0x0000000008000354        0x0
 .vfp11_veneer  0x0000000008000354        0x0 linker stubs

.v4_bx          0x0000000008000354        0x0
 .v4_bx         0x0000000008000354        0x0 linker stubs

.iplt           0x0000000008000354        0x0
 .iplt          0x0000000008000354        0x0 obj/main.o

.rel.dyn        0x0000000008000354        0x0
 .rel.iplt      0x0000000008000354        0x0 obj/main.o

.ARM.extab
 *(.ARM.extab* .gnu.linkonce.armextab.*)

.ARM            0x0000000008000354        0x0
                0x0000000008000354                __exidx_start = .
 *(.ARM.exidx*)
                0x0000000008000354                __exidx_end = .
                0x0000000008000354                _sidata = LOADADDR (.data)

.data           0x0000000020000000        0x0 load address 0x0000000008000354
                0x0000000020000000                . = ALIGN (0x4)
                0x0000000020000000                _sdata = .
 *(.data)
 *(.data*)
                0x0000000020000000                . = ALIGN (0x4)
                0x0000000020000000                _edata = .

.igot.plt       0x0000000020000000        0x0 load address 0x0000000008000354
 .igot.plt      0x0000000020000000        0x0 obj/main.o

.bss            0x0000000020000000        0x4 load address 0x0000000008000354
                0x0000000020000000                . = ALIGN (0x4)
                0x0000000020000000                _sbss = .
                0x0000000020000000                __bss_start__ = _sbss
 *(.bss)
 *(.bss*)
 .bss.ticks     0x0000000020000000        0x4 obj/main.o
 *(COMMON)
                0x0000000020000004                . = ALIGN (0x4)
                0x0000000020000004                _ebss = .
                0x0000000020000004                __bss_end__ = _ebss

._heap          0x0000000020000004     0x2004 load address 0x0000000008000354
                0x0000000020000008                . = ALIGN (0x8)
 *fill*         0x0000000020000004        0x4 
                0x0000000020000008                _heap_start = .
                0x0000000020002008                . = (. + _heap_size)
 *fill*         0x0000000020000008     0x2000 
                0x0000000020002008                . = ALIGN (0x8)
                0x0000000020002008                _heap_end = .

._stack         0x0000000020002008     0x2000 load address 0x0000000008000354
                0x0000000020002008                . = ALIGN (0x8)
                0x0000000020004008                . = (. + _stack_size)
 *fill*         0x0000000020002008     0x2000 
                0x0000000020004008                . = ALIGN (0x8)
                0x0000000020004008                _estack = .

/DISCARD/
 *(.ARM.attributes)
OUTPUT(out/firmware.elf elf32-littlearm)
LOAD linker stubs

.debug_info     0x0000000000000000      0x2f6
 .debug_info    0x0000000000000000      0x2d4 obj/main.o
 .debug_info    0x00000000000002d4       0x22 obj/startup.o

.debug_abbrev   0x0000000000000000      0x1b3
 .debug_abbrev  0x0000000000000000      0x1a1 obj/main.o
 .debug_abbrev  0x00000000000001a1       0x12 obj/startup.o

.debug_loc      0x0000000000000000       0x74
 .debug_loc     0x0000000000000000       0x74 obj/main.o

.debug_aranges  0x0000000000000000       0x50
 .debug_aranges
                0x0000000000000000       0x28 obj/main.o
 .debug_aranges
                0x0000000000000028       0x28 obj/startup.o

.debug_ranges   0x0000000000000000       0x68
 .debug_ranges  0x0000000000000000       0x48 obj/main.o
 .debug_ranges  0x0000000000000048       0x20 obj/startup.o

.debug_line     0x0000000000000000      0x29e
 .debug_line    0x0000000000000000      0x233 obj/main.o
 .debug_line    0x0000000000000233       0x6b obj/startup.o

.debug_str      0x0000000000000000      0x1e6
 .debug_str     0x0000000000000000      0x1ca obj/main.o
                                        0x214 (size before relaxing)
 .debug_str     0x00000000000001ca       0x1c obj/startup.o
                                         0x33 (size before relaxing)

.comment        0x0000000000000000       0x49
 .comment       0x0000000000000000       0x49 obj/main.o
                                         0x4a (size before relaxing)

.debug_frame    0x0000000000000000       0x30
 .debug_frame   0x0000000000000000       0x30 obj/main.o
